COMMAND python3 tools/town/gen_layout.py docs/design/town/city_dunhuang__ch10.yaml -o /tmp/CITY-layouts-all/recheck/city_dunhuang__ch10.yaml
{"assembled_bridges": 0, "building_types": {"bld_kit_song_dali_courtyard": 3, "bld_kit_song_dali_house": 22, "bld_kit_song_dali_inn": 1, "bld_kit_song_dali_market_stall": 8, "bld_kit_song_dali_shop": 5, "bld_kit_song_dali_shrine": 1, "bld_kit_song_dali_temple_hall": 1, "bld_kit_song_dali_warehouse": 1, "bld_kit_song_dali_yamen": 1}, "buildings": 43, "city_id": "city_dunhuang", "complete": true, "decorations": 111, "generation_seconds": 2.699, "lake_cells": {}, "layout_sha256": "32464f114ecbbd258ec7f6ebed492b5e756706389e914745a503c8f3866e0f31", "merged_bridge_groups": [], "missing_required": {}, "parcels": 37, "placement_attempts": 99, "planning_walkable": 5708, "required_components": 1, "road_cells": 1637, "road_components": 1, "runtime_hex_walkable": 4378, "source_bridges": 0, "water_cells": 828}

COMMAND python3 tools/town/check_town.py docs/design/town/city_dunhuang__ch10.yaml assets/default/town/city_dunhuang__ch10/layout.yaml --strict-assets
WARNING TOWN_ASSET_SUBSTITUTION assets.tiles: tex_town_song_southern_dirt_road: shared-material:tex_town_song_southern_dirt_road->tex_town_song_dali_dirt_road
WARNING TOWN_ASSET_SUBSTITUTION assets.tiles: tex_town_song_southern_dirt_road: shared-material:tex_town_song_southern_dirt_road->tex_town_song_dali_dirt_road
WARNING TOWN_ASSET_SUBSTITUTION assets.tiles: tex_town_song_southern_dirt_road: shared-material:tex_town_song_southern_dirt_road->tex_town_song_dali_dirt_road
WARNING TOWN_ASSET_SUBSTITUTION assets.tiles: tex_town_song_southern_dirt_road: shared-material:tex_town_song_southern_dirt_road->tex_town_song_dali_dirt_road
WARNING TOWN_ASSET_SUBSTITUTION assets.tiles: tex_town_song_southern_rammed_earth: shared-material:tex_town_song_southern_rammed_earth->tex_town_song_dali_rammed_earth
WARNING TOWN_ASSET_SUBSTITUTION assets.tiles: tex_town_song_southern_rammed_earth: shared-material:tex_town_song_southern_rammed_earth->tex_town_song_dali_rammed_earth
WARNING TOWN_ASSET_SUBSTITUTION assets.tiles: tex_town_song_southern_rammed_earth: shared-material:tex_town_song_southern_rammed_earth->tex_town_song_dali_rammed_earth
WARNING TOWN_ASSET_SUBSTITUTION assets.tiles: tex_town_song_southern_rammed_earth: shared-material:tex_town_song_southern_rammed_earth->tex_town_song_dali_rammed_earth
WARNING TOWN_ASSET_SUBSTITUTION assets.tiles: tex_town_song_southern_riverbank mask=15: shared-material:tex_town_song_southern_riverbank->tex_town_song_dali_riverbank
WARNING TOWN_ASSET_SUBSTITUTION assets.tiles: tex_town_song_southern_riverbank mask=30: shared-material:tex_town_song_southern_riverbank->tex_town_song_dali_riverbank
WARNING TOWN_ASSET_SUBSTITUTION assets.tiles: tex_town_song_southern_riverbank mask=31: shared-material:tex_town_song_southern_riverbank->tex_town_song_dali_riverbank
WARNING TOWN_ASSET_SUBSTITUTION assets.tiles: tex_town_song_southern_riverbank mask=63: shared-material:tex_town_song_southern_riverbank->tex_town_song_dali_riverbank
WARNING TOWN_ASSET_SUBSTITUTION assets.tiles: tex_town_song_southern_riverbank mask=127: shared-material:tex_town_song_southern_riverbank->tex_town_song_dali_riverbank
WARNING TOWN_ASSET_SUBSTITUTION assets.tiles: tex_town_song_southern_riverbank mask=159: shared-material:tex_town_song_southern_riverbank->tex_town_song_dali_riverbank
WARNING TOWN_ASSET_SUBSTITUTION assets.tiles: tex_town_song_southern_riverbank mask=223: shared-material:tex_town_song_southern_riverbank->tex_town_song_dali_riverbank
WARNING TOWN_ASSET_SUBSTITUTION assets.tiles: tex_town_song_southern_riverbank mask=225: shared-material:tex_town_song_southern_riverbank->tex_town_song_dali_riverbank
WARNING TOWN_ASSET_SUBSTITUTION assets.tiles: tex_town_song_southern_riverbank mask=240: shared-material:tex_town_song_southern_riverbank->tex_town_song_dali_riverbank
WARNING TOWN_ASSET_SUBSTITUTION assets.tiles: tex_town_song_southern_riverbank mask=241: shared-material:tex_town_song_southern_riverbank->tex_town_song_dali_riverbank
WARNING TOWN_ASSET_SUBSTITUTION assets.tiles: tex_town_song_southern_riverbank mask=243: shared-material:tex_town_song_southern_riverbank->tex_town_song_dali_riverbank
WARNING TOWN_ASSET_SUBSTITUTION assets.tiles: tex_town_song_southern_riverbank mask=247: shared-material:tex_town_song_southern_riverbank->tex_town_song_dali_riverbank
WARNING TOWN_ASSET_SUBSTITUTION assets.tiles: tex_town_song_southern_riverbank mask=249: shared-material:tex_town_song_southern_riverbank->tex_town_song_dali_riverbank
WARNING TOWN_ASSET_SUBSTITUTION assets.tiles: tex_town_song_southern_riverbank mask=253: shared-material:tex_town_song_southern_riverbank->tex_town_song_dali_riverbank
town check: 0 errors, 22 warnings

PASS: regenerated layout byte-identical; source/render/manifest/reference files consistent.
